// Jest Snapshot v1, https://goo.gl/fbAQLP

exports[`Player should match the snapshot 1`] = `
<div
  className="player"
>
  <h3
    className="crime-player-name"
  >
    Colby Allen
     
    <span
      className="deets"
    >
      Denver
       
      Turing
       
      Front End
    </span>
  </h3>
  <p
    className="crime-arrests"
  >
    Arrest Count: 
    0
  </p>
</div>
`;
