// Jest Snapshot v1, https://goo.gl/fbAQLP

exports[`Team should match the snapshot 1`] = `
<div
  className="team"
>
  <h3>
    Colby Allen
  </h3>
  <p>
    <span
      className="bolder"
    >
      QB
    </span>
  </p>
  <p>
    <span
      className="bolder"
    >
      Charge: 
    </span>
    Bank Robbery
     
    <span
      className="bolder"
    >
      Outcome: 
    </span>
    Still on the lamb
  </p>
  <p>
    <span
      className="bolder"
    >
      Description: 
    </span>
    Robbed a bank for 100 million dollars
  </p>
  <p>
    <span
      className="bolder"
    >
      Season: 
    </span>
    Off season
  </p>
</div>
`;
