// Jest Snapshot v1, https://goo.gl/fbAQLP

exports[`TeamNavBar should match snapshot 1`] = `
<div>
  <div
    className="nav-bar-container"
  >
    <NavLink
      className="nav"
      onClick={[Function]}
      to="/"
    >
      Home
    </NavLink>
    <NavLink
      className="nav"
      onClick={[Function]}
      to="/den"
    >
      Denver Broncos
    </NavLink>
    <NavLink
      className="nav"
      onClick={[Function]}
      to="/min"
    >
      Minnesota Vikings
    </NavLink>
    <NavLink
      className="nav"
      onClick={[Function]}
      to="/cin"
    >
      Cincinati Bengals
    </NavLink>
    <NavLink
      className="nav"
      onClick={[Function]}
      to="/jac"
    >
      Jacksonville Jaguars
    </NavLink>
    <NavLink
      className="nav"
      onClick={[Function]}
      to="/tb"
    >
      Tampa Bay Buccaneers
    </NavLink>
    <NavLink
      className="nav"
      onClick={[Function]}
      to="/ten"
    >
      Tennessee Titans
    </NavLink>
    <NavLink
      className="nav"
      onClick={[Function]}
      to="/cle"
    >
      Cleveland Browns
    </NavLink>
    <NavLink
      className="nav"
      onClick={[Function]}
      to="/ind"
    >
      Indianapolis Colts
    </NavLink>
    <NavLink
      className="nav"
      onClick={[Function]}
      to="/kc"
    >
      Kansas City Chiefs
    </NavLink>
    <NavLink
      className="nav"
      onClick={[Function]}
      to="/chi"
    >
      Chicago Bears
    </NavLink>
    <NavLink
      className="nav"
      onClick={[Function]}
      to="/mia"
    >
      Miami Dolphins
    </NavLink>
    <NavLink
      className="nav"
      onClick={[Function]}
      to="/sea"
    >
      Seattle Seahawks
    </NavLink>
    <NavLink
      className="nav"
      onClick={[Function]}
      to="/sf"
    >
      San Francisco 49ers
    </NavLink>
    <NavLink
      className="nav"
      onClick={[Function]}
      to="/bal"
    >
      Baltimore Ravens
    </NavLink>
    <NavLink
      className="nav"
      onClick={[Function]}
      to="/lac"
    >
      Los Angeles Chargers
    </NavLink>
    <NavLink
      className="nav"
      onClick={[Function]}
      to="/no"
    >
      New Orleans Saints
    </NavLink>
    <NavLink
      className="nav"
      onClick={[Function]}
      to="/gb"
    >
      Green Bay Packers
    </NavLink>
    <NavLink
      className="nav"
      onClick={[Function]}
      to="/pit"
    >
      Pittsburgh Steelers
    </NavLink>
    <NavLink
      className="nav"
      onClick={[Function]}
      to="/nyj"
    >
      New York Jets
    </NavLink>
    <NavLink
      className="nav"
      onClick={[Function]}
      to="/ari"
    >
      Arizona Cardinals
    </NavLink>
    <NavLink
      className="nav"
      onClick={[Function]}
      to="/oak"
    >
      Oakland Raiders
    </NavLink>
    <NavLink
      className="nav"
      onClick={[Function]}
      to="/was"
    >
      Washington Redskins
    </NavLink>
    <NavLink
      className="nav"
      onClick={[Function]}
      to="/dal"
    >
      Dallas Cowboys
    </NavLink>
    <NavLink
      className="nav"
      onClick={[Function]}
      to="/car"
    >
      Carolina Panthers
    </NavLink>
    <NavLink
      className="nav"
      onClick={[Function]}
      to="/buf"
    >
      Buffalo Bills
    </NavLink>
    <NavLink
      className="nav"
      onClick={[Function]}
      to="/ne"
    >
      New England Patriots
    </NavLink>
    <NavLink
      className="nav"
      onClick={[Function]}
      to="/atl"
    >
      Atlanta Falcons
    </NavLink>
    <NavLink
      className="nav"
      onClick={[Function]}
      to="/phi"
    >
      Philadelphia Eagles
    </NavLink>
    <NavLink
      className="nav"
      onClick={[Function]}
      to="/nyg"
    >
      New York Giants
    </NavLink>
    <NavLink
      className="nav"
      onClick={[Function]}
      to="/la"
    >
      Los Angeles Rams
    </NavLink>
    <NavLink
      className="nav"
      onClick={[Function]}
      to="/det"
    >
      Detroit Lions
    </NavLink>
    <NavLink
      className="nav"
      onClick={[Function]}
      to="/hou"
    >
      Houston Texans
    </NavLink>
  </div>
</div>
`;
