// Jest Snapshot v1, https://goo.gl/fbAQLP

exports[`App should match the snapshot 1`] = `
<main
  className="main"
>
  <header
    className="header"
  >
    <h1>
      NFL LockedUp
    </h1>
  </header>
  <section
    className="crimes"
  >
    <CrimesContainer />
  </section>
  <section
    className="teams"
  >
    <Connect(TeamNavBar) />
  </section>
  <section
    className="arrests"
  >
    <Route
      component={[Function]}
      exact={true}
      path="/"
    />
    <Route
      exact={true}
      path="/Den"
      render={[Function]}
    />
    <Route
      exact={true}
      path="/Min"
      render={[Function]}
    />
    <Route
      exact={true}
      path="/Cin"
      render={[Function]}
    />
    <Route
      exact={true}
      path="/Jac"
      render={[Function]}
    />
    <Route
      exact={true}
      path="/Tb"
      render={[Function]}
    />
    <Route
      exact={true}
      path="/Ten"
      render={[Function]}
    />
    <Route
      exact={true}
      path="/Cle"
      render={[Function]}
    />
    <Route
      exact={true}
      path="/Ind"
      render={[Function]}
    />
    <Route
      exact={true}
      path="/Kc"
      render={[Function]}
    />
    <Route
      exact={true}
      path="/Chi"
      render={[Function]}
    />
    <Route
      exact={true}
      path="/Mia"
      render={[Function]}
    />
    <Route
      exact={true}
      path="/Sea"
      render={[Function]}
    />
    <Route
      exact={true}
      path="/Sf"
      render={[Function]}
    />
    <Route
      exact={true}
      path="/Bal"
      render={[Function]}
    />
    <Route
      exact={true}
      path="/Lac"
      render={[Function]}
    />
    <Route
      exact={true}
      path="/No"
      render={[Function]}
    />
    <Route
      exact={true}
      path="/Gb"
      render={[Function]}
    />
    <Route
      exact={true}
      path="/Pit"
      render={[Function]}
    />
    <Route
      exact={true}
      path="/Nyj"
      render={[Function]}
    />
    <Route
      exact={true}
      path="/Ari"
      render={[Function]}
    />
    <Route
      exact={true}
      path="/Oak"
      render={[Function]}
    />
    <Route
      exact={true}
      path="/Was"
      render={[Function]}
    />
    <Route
      exact={true}
      path="/Dal"
      render={[Function]}
    />
    <Route
      exact={true}
      path="/Car"
      render={[Function]}
    />
    <Route
      exact={true}
      path="/Buf"
      render={[Function]}
    />
    <Route
      exact={true}
      path="/Ne"
      render={[Function]}
    />
    <Route
      exact={true}
      path="/Atl"
      render={[Function]}
    />
    <Route
      exact={true}
      path="/Phi"
      render={[Function]}
    />
    <Route
      exact={true}
      path="/Nyg"
      render={[Function]}
    />
    <Route
      exact={true}
      path="/La"
      render={[Function]}
    />
    <Route
      exact={true}
      path="/Det"
      render={[Function]}
    />
    <Route
      exact={true}
      path="/Hou"
      render={[Function]}
    />
  </section>
</main>
`;
